ENV_VAR0: env_val0
ENV_VAR1: env_val1
ENV_VAR2: $ENV_VAR2
ENV_VAR3: $ENV_VAR3
ENV_VAR4: $ENV_VAR4
TEST_VAR0: $TEST_VAR0
TEST_VAR1: $TEST_VAR1
TEST_VAR2: $TEST_VAR2
TEST_VAR3: $TEST_VAR3
TEST_VAR4: $TEST_VAR4
